=== DoIt Debug Log Started 2026-09-02T17:43:34.661Z ===
[17:43:34.661] INFO  [lifecycle] DoIt extension activating

──────────────────── Bridge Initializing ────────────────────
[17:43:34.662] INFO  [init] Workspace root: /home/eri/Documents/PlatformIO/Projects/esp32_home-controller
[17:43:34.662] INFO  [init] Project roots: 1 folder(s) | {
  "roots": [
    "/home/eri/Documents/PlatformIO/Projects/esp32_home-controller"
  ]
}
[17:43:34.664] INFO  [init] Config loaded | {
  "model": "glm-4.7-flash",
  "baseUrl": "http://192.168.1.95:4000"
}
[17:43:34.746] INFO  [init] Resolved baseUrl=http://192.168.1.95:4000 apiKey source=EMPTY prefix=(empty)
[17:43:34.747] INFO  [init] Registered 19 core tools
[17:43:34.747] INFO  [init] Codebase indexing skipped (VS Code — use search_code instead)

──────────────────── Bridge Ready ────────────────────
[17:43:40.806] INFO  [lifecycle] Fresh start — no saved session
[17:43:43.873] INFO  [auth] starting M365 device-code flow
[17:58:45.625] ERROR [auth] M365 sign-in failed: device_code_expired: Device code is expired.
[12:02:53.511] INFO  [lifecycle] Abort requested
